Archive member included to satisfy reference by file (symbol)

g:/vi xu li/stm32cubeide_1.7.0/stm32cubeide/plugins/com.st.stm32cube.ide.mcu.externaltools.gnu-tools-for-stm32.9-2020-q2-update.win32_2.0.0.202105311346/tools/bin/../lib/gcc/arm-none-eabi/9.3.1/../../../../arm-none-eabi/lib/thumb/v7-m/nofp\libc_nano.a(lib_a-errno.o)
                              ./Core/Src/syscalls.o (__errno)
g:/vi xu li/stm32cubeide_1.7.0/stm32cubeide/plugins/com.st.stm32cube.ide.mcu.externaltools.gnu-tools-for-stm32.9-2020-q2-update.win32_2.0.0.202105311346/tools/bin/../lib/gcc/arm-none-eabi/9.3.1/../../../../arm-none-eabi/lib/thumb/v7-m/nofp\libc_nano.a(lib_a-exit.o)
                              g:/vi xu li/stm32cubeide_1.7.0/stm32cubeide/plugins/com.st.stm32cube.ide.mcu.externaltools.gnu-tools-for-stm32.9-2020-q2-update.win32_2.0.0.202105311346/tools/bin/../lib/gcc/arm-none-eabi/9.3.1/../../../../arm-none-eabi/lib/thumb/v7-m/nofp/crt0.o (exit)
g:/vi xu li/stm32cubeide_1.7.0/stm32cubeide/plugins/com.st.stm32cube.ide.mcu.externaltools.gnu-tools-for-stm32.9-2020-q2-update.win32_2.0.0.202105311346/tools/bin/../lib/gcc/arm-none-eabi/9.3.1/../../../../arm-none-eabi/lib/thumb/v7-m/nofp\libc_nano.a(lib_a-impure.o)
                              g:/vi xu li/stm32cubeide_1.7.0/stm32cubeide/plugins/com.st.stm32cube.ide.mcu.externaltools.gnu-tools-for-stm32.9-2020-q2-update.win32_2.0.0.202105311346/tools/bin/../lib/gcc/arm-none-eabi/9.3.1/../../../../arm-none-eabi/lib/thumb/v7-m/nofp\libc_nano.a(lib_a-exit.o) (_global_impure_ptr)
g:/vi xu li/stm32cubeide_1.7.0/stm32cubeide/plugins/com.st.stm32cube.ide.mcu.externaltools.gnu-tools-for-stm32.9-2020-q2-update.win32_2.0.0.202105311346/tools/bin/../lib/gcc/arm-none-eabi/9.3.1/../../../../arm-none-eabi/lib/thumb/v7-m/nofp\libc_nano.a(lib_a-init.o)
                              g:/vi xu li/stm32cubeide_1.7.0/stm32cubeide/plugins/com.st.stm32cube.ide.mcu.externaltools.gnu-tools-for-stm32.9-2020-q2-update.win32_2.0.0.202105311346/tools/bin/../lib/gcc/arm-none-eabi/9.3.1/../../../../arm-none-eabi/lib/thumb/v7-m/nofp/crt0.o (__libc_init_array)
g:/vi xu li/stm32cubeide_1.7.0/stm32cubeide/plugins/com.st.stm32cube.ide.mcu.externaltools.gnu-tools-for-stm32.9-2020-q2-update.win32_2.0.0.202105311346/tools/bin/../lib/gcc/arm-none-eabi/9.3.1/../../../../arm-none-eabi/lib/thumb/v7-m/nofp\libc_nano.a(lib_a-memset.o)
                              g:/vi xu li/stm32cubeide_1.7.0/stm32cubeide/plugins/com.st.stm32cube.ide.mcu.externaltools.gnu-tools-for-stm32.9-2020-q2-update.win32_2.0.0.202105311346/tools/bin/../lib/gcc/arm-none-eabi/9.3.1/../../../../arm-none-eabi/lib/thumb/v7-m/nofp/crt0.o (memset)
g:/vi xu li/stm32cubeide_1.7.0/stm32cubeide/plugins/com.st.stm32cube.ide.mcu.externaltools.gnu-tools-for-stm32.9-2020-q2-update.win32_2.0.0.202105311346/tools/bin/../lib/gcc/arm-none-eabi/9.3.1/../../../../arm-none-eabi/lib/thumb/v7-m/nofp\libc_nano.a(lib_a-sprintf.o)
                              ./Core/Src/input_processing.o (sprintf)
g:/vi xu li/stm32cubeide_1.7.0/stm32cubeide/plugins/com.st.stm32cube.ide.mcu.externaltools.gnu-tools-for-stm32.9-2020-q2-update.win32_2.0.0.202105311346/tools/bin/../lib/gcc/arm-none-eabi/9.3.1/../../../../arm-none-eabi/lib/thumb/v7-m/nofp\libc_nano.a(lib_a-nano-svfprintf.o)
                              g:/vi xu li/stm32cubeide_1.7.0/stm32cubeide/plugins/com.st.stm32cube.ide.mcu.externaltools.gnu-tools-for-stm32.9-2020-q2-update.win32_2.0.0.202105311346/tools/bin/../lib/gcc/arm-none-eabi/9.3.1/../../../../arm-none-eabi/lib/thumb/v7-m/nofp\libc_nano.a(lib_a-sprintf.o) (_svfprintf_r)
g:/vi xu li/stm32cubeide_1.7.0/stm32cubeide/plugins/com.st.stm32cube.ide.mcu.externaltools.gnu-tools-for-stm32.9-2020-q2-update.win32_2.0.0.202105311346/tools/bin/../lib/gcc/arm-none-eabi/9.3.1/../../../../arm-none-eabi/lib/thumb/v7-m/nofp\libc_nano.a(lib_a-nano-vfprintf_i.o)
                              g:/vi xu li/stm32cubeide_1.7.0/stm32cubeide/plugins/com.st.stm32cube.ide.mcu.externaltools.gnu-tools-for-stm32.9-2020-q2-update.win32_2.0.0.202105311346/tools/bin/../lib/gcc/arm-none-eabi/9.3.1/../../../../arm-none-eabi/lib/thumb/v7-m/nofp\libc_nano.a(lib_a-nano-svfprintf.o) (_printf_i)
g:/vi xu li/stm32cubeide_1.7.0/stm32cubeide/plugins/com.st.stm32cube.ide.mcu.externaltools.gnu-tools-for-stm32.9-2020-q2-update.win32_2.0.0.202105311346/tools/bin/../lib/gcc/arm-none-eabi/9.3.1/../../../../arm-none-eabi/lib/thumb/v7-m/nofp\libc_nano.a(lib_a-memchr-stub.o)
                              g:/vi xu li/stm32cubeide_1.7.0/stm32cubeide/plugins/com.st.stm32cube.ide.mcu.externaltools.gnu-tools-for-stm32.9-2020-q2-update.win32_2.0.0.202105311346/tools/bin/../lib/gcc/arm-none-eabi/9.3.1/../../../../arm-none-eabi/lib/thumb/v7-m/nofp\libc_nano.a(lib_a-nano-svfprintf.o) (memchr)
[...]
Memory Configuration

Name             Origin             Length             Attributes
RAM              0x0000000020000000 0x0000000000005000 xrw
FLASH            0x0000000008000000 0x0000000000020000 xr
*default*        0x0000000000000000 0xffffffffffffffff

Linker script and memory map

LOAD g:/vi xu li/stm32cubeide_1.7.0/stm32cubeide/plugins/com.st.stm32cube.ide.mcu.externaltools.gnu-tools-for-stm32.9-2020-q2-update.win32_2.0.0.202105311346/tools/bin/../lib/gcc/arm-none-eabi/9.3.1/thumb/v7-m/nofp/crti.o
LOAD g:/vi xu li/stm32cubeide_1.7.0/stm32cubeide/plugins/com.st.stm32cube.ide.mcu.externaltools.gnu-tools-for-stm32.9-2020-q2-update.win32_2.0.0.202105311346/tools/bin/../lib/gcc/arm-none-eabi/9.3.1/thumb/v7-m/nofp/crtbegin.o
LOAD g:/vi xu li/stm32cubeide_1.7.0/stm32cubeide/plugins/com.st.stm32cube.ide.mcu.externaltools.gnu-tools-for-stm32.9-2020-q2-update.win32_2.0.0.202105311346/tools/bin/../lib/gcc/arm-none-eabi/9.3.1/../../../../arm-none-eabi/lib/thumb/v7-m/nofp/crt0.o
LOAD ./Core/Src/input_processing.o
LOAD ./Core/Src/input_reading.o
LOAD ./Core/Src/main.o
LOAD ./Core/Src/stm32f1xx_hal_msp.o
LOAD ./Core/Src/stm32f1xx_it.o
LOAD ./Core/Src/syscalls.o
LOAD ./Core/Src/sysmem.o
LOAD ./Core/Src/system_stm32f1xx.o
LOAD ./Core/Src/timer.o
LOAD ./Core/Startup/startup_stm32f103rbtx.o
LOAD ./Drivers/STM32F1xx_HAL_Driver/Src/stm32f1xx_hal.o
LOAD ./Drivers/STM32F1xx_HAL_Driver/Src/stm32f1xx_hal_cortex.o
LOAD ./Drivers/STM32F1xx_HAL_Driver/Src/stm32f1xx_hal_dma.o
LOAD ./Drivers/STM32F1xx_HAL_Driver/Src/stm32f1xx_hal_exti.o
LOAD ./Drivers/STM32F1xx_HAL_Driver/Src/stm32f1xx_hal_flash.o
LOAD ./Drivers/STM32F1xx_HAL_Driver/Src/stm32f1xx_hal_flash_ex.o
LOAD ./Drivers/STM32F1xx_HAL_Driver/Src/stm32f1xx_hal_gpio.o
LOAD ./Drivers/STM32F1xx_HAL_Driver/Src/stm32f1xx_hal_gpio_ex.o
LOAD ./Drivers/STM32F1xx_HAL_Driver/Src/stm32f1xx_hal_pwr.o
LOAD ./Drivers/STM32F1xx_HAL_Driver/Src/stm32f1xx_hal_rcc.o
LOAD ./Drivers/STM32F1xx_HAL_Driver/Src/stm32f1xx_hal_rcc_ex.o
LOAD ./Drivers/STM32F1xx_HAL_Driver/Src/stm32f1xx_hal_tim.o
LOAD ./Drivers/STM32F1xx_HAL_Driver/Src/stm32f1xx_hal_tim_ex.o
LOAD ./Drivers/STM32F1xx_HAL_Driver/Src/stm32f1xx_hal_uart.o
START GROUP
LOAD g:/vi xu li/stm32cubeide_1.7.0/stm32cubeide/plugins/com.st.stm32cube.ide.mcu.externaltools.gnu-tools-for-stm32.9-2020-q2-update.win32_2.0.0.202105311346/tools/bin/../lib/gcc/arm-none-eabi/9.3.1/../../../../arm-none-eabi/lib/thumb/v7-m/nofp\libc_nano.a
LOAD g:/vi xu li/stm32cubeide_1.7.0/stm32cubeide/plugins/com.st.stm32cube.ide.mcu.externaltools.gnu-tools-for-stm32.9-2020-q2-update.win32_2.0.0.202105311346/tools/bin/../lib/gcc/arm-none-eabi/9.3.1/../../../../arm-none-eabi/lib/thumb/v7-m/nofp\libm.a
END GROUP
START GROUP
LOAD g:/vi xu li/stm32cubeide_1.7.0/stm32cubeide/plugins/com.st.stm32cube.ide.mcu.externaltools.gnu-tools-for-stm32.9-2020-q2-update.win32_2.0.0.202105311346/tools/bin/../lib/gcc/arm-none-eabi/9.3.1/thumb/v7-m/nofp\libgcc.a
LOAD g:/vi xu li/stm32cubeide_1.7.0/stm32cubeide/plugins/com.st.stm32cube.ide.mcu.externaltools.gnu-tools-for-stm32.9-2020-q2-update.win32_2.0.0.202105311346/tools/bin/../lib/gcc/arm-none-eabi/9.3.1/../../../../arm-none-eabi/lib/thumb/v7-m/nofp\libc_nano.a
END GROUP
START GROUP
LOAD g:/vi xu li/stm32cubeide_1.7.0/stm32cubeide/plugins/com.st.stm32cube.ide.mcu.externaltools.gnu-tools-for-stm32.9-2020-q2-update.win32_2.0.0.202105311346/tools/bin/../lib/gcc/arm-none-eabi/9.3.1/thumb/v7-m/nofp\libgcc.a
LOAD g:/vi xu li/stm32cubeide_1.7.0/stm32cubeide/plugins/com.st.stm32cube.ide.mcu.externaltools.gnu-tools-for-stm32.9-2020-q2-update.win32_2.0.0.202105311346/tools/bin/../lib/gcc/arm-none-eabi/9.3.1/../../../../arm-none-eabi/lib/thumb/v7-m/nofp\libc_nano.a
LOAD g:/vi xu li/stm32cubeide_1.7.0/stm32cubeide/plugins/com.st.stm32cube.ide.mcu.externaltools.gnu-tools-for-stm32.9-2020-q2-update.win32_2.0.0.202105311346/tools/bin/../lib/gcc/arm-none-eabi/9.3.1/../../../../arm-none-eabi/lib/thumb/v7-m/nofp\libnosys.a
END GROUP
START GROUP
LOAD g:/vi xu li/stm32cubeide_1.7.0/stm32cubeide/plugins/com.st.stm32cube.ide.mcu.externaltools.gnu-tools-for-stm32.9-2020-q2-update.win32_2.0.0.202105311346/tools/bin/../lib/gcc/arm-none-eabi/9.3.1/thumb/v7-m/nofp\libgcc.a
LOAD g:/vi xu li/stm32cubeide_1.7.0/stm32cubeide/plugins/com.st.stm32cube.ide.mcu.externaltools.gnu-tools-for-stm32.9-2020-q2-update.win32_2.0.0.202105311346/tools/bin/../lib/gcc/arm-none-eabi/9.3.1/../../../../arm-none-eabi/lib/thumb/v7-m/nofp\libc_nano.a
LOAD g:/vi xu li/stm32cubeide_1.7.0/stm32cubeide/plugins/com.st.stm32cube.ide.mcu.externaltools.gnu-tools-for-stm32.9-2020-q2-update.win32_2.0.0.202105311346/tools/bin/../lib/gcc/arm-none-eabi/9.3.1/../../../../arm-none-eabi/lib/thumb/v7-m/nofp\libnosys.a
END GROUP
LOAD g:/vi xu li/stm32cubeide_1.7.0/stm32cubeide/plugins/com.st.stm32cube.ide.mcu.externaltools.gnu-tools-for-stm32.9-2020-q2-update.win32_2.0.0.202105311346/tools/bin/../lib/gcc/arm-none-eabi/9.3.1/thumb/v7-m/nofp/crtend.o
LOAD g:/vi xu li/stm32cubeide_1.7.0/stm32cubeide/plugins/com.st.stm32cube.ide.mcu.externaltools.gnu-tools-for-stm32.9-2020-q2-update.win32_2.0.0.202105311346/tools/bin/../lib/gcc/arm-none-eabi/9.3.1/thumb/v7-m/nofp/crtn.o
                0x0000000020005000                _estack = (ORIGIN (RAM) + LENGTH (RAM))
                0x0000000000000200                _Min_Heap_Size = 0x200
                0x0000000000000400                _Min_Stack_Size = 0x400

.isr_vector     0x0000000008000000      0x10c
                0x0000000008000000                . = ALIGN (0x4)
 *(.isr_vector)
 .isr_vector    0x0000000008000000      0x10c ./Core/Startup/startup_stm32f103rbtx.o
                0x0000000008000000                g_pfnVectors
                0x000000000800010c                . = ALIGN (0x4)

.text           0x000000000800010c     0x3040
                0x000000000800010c                . = ALIGN (0x4)
 *(.text)
 .text          0x000000000800010c       0x40 g:/vi xu li/stm32cubeide_1.7.0/stm32cubeide/plugins/com.st.stm32cube.ide.mcu.externaltools.gnu-tools-for-stm32.9-2020-q2-update.win32_2.0.0.202105311346/tools/bin/../lib/gcc/arm-none-eabi/9.3.1/thumb/v7-m/nofp/crtbegin.o
 *(.text*)
 .text.button_reading
                0x000000000800014c       0xc4 ./Core/Src/input_reading.o
                0x000000000800014c                button_reading
 .text.HAL_UART_RxCpltCallback
                0x0000000008000210       0x3c ./Core/Src/main.o
                0x0000000008000210                HAL_UART_RxCpltCallback
 .text.main     0x000000000800024c       0x3c ./Core/Src/main.o
                0x000000000800024c                main
 .text.SystemClock_Config
                0x0000000008000288       0x76 ./Core/Src/main.o
                0x0000000008000288                SystemClock_Config
 *fill*         0x00000000080002fe        0x2 
 .text.MX_TIM2_Init
                0x0000000008000300       0x98 ./Core/Src/main.o
 .text.MX_TIM3_Init
                0x0000000008000398       0xec ./Core/Src/main.o
 .text.MX_USART2_UART_Init
                0x0000000008000484       0x54 ./Core/Src/main.o
 .text.MX_GPIO_Init
                0x00000000080004d8       0xdc ./Core/Src/main.o
 .text.Error_Handler
                0x00000000080005b4        0xa ./Core/Src/main.o
                0x00000000080005b4                Error_Handler
 *fill*         0x00000000080005be        0x2 
 .text.HAL_MspInit
                0x00000000080005c0       0x64 ./Core/Src/stm32f1xx_hal_msp.o
                0x00000000080005c0                HAL_MspInit
 .text.HAL_TIM_Base_MspInit
                0x0000000008000624       0x80 ./Core/Src/stm32f1xx_hal_msp.o
                0x0000000008000624                HAL_TIM_Base_MspInit
 .text.HAL_TIM_MspPostInit
                0x00000000080006a4       0x64 ./Core/Src/stm32f1xx_hal_msp.o
                0x00000000080006a4                HAL_TIM_MspPostInit
 .text.HAL_UART_MspInit
                0x0000000008000708       0xa4 ./Core/Src/stm32f1xx_hal_msp.o
                0x0000000008000708                HAL_UART_MspInit
 .text.NMI_Handler
                0x00000000080007ac        0x6 ./Core/Src/stm32f1xx_it.o
                0x00000000080007ac                NMI_Handler
 .text.HardFault_Handler
                0x00000000080007b2        0x6 ./Core/Src/stm32f1xx_it.o
                0x00000000080007b2                HardFault_Handler
 .text.MemManage_Handler
                0x00000000080007b8        0x6 ./Core/Src/stm32f1xx_it.o
                0x00000000080007b8                MemManage_Handler
 .text.BusFault_Handler
                0x00000000080007be        0x6 ./Core/Src/stm32f1xx_it.o
                0x00000000080007be                BusFault_Handler
 .text.UsageFault_Handler
                0x00000000080007c4        0x6 ./Core/Src/stm32f1xx_it.o
                0x00000000080007c4                UsageFault_Handler
 .text.SVC_Handler
                0x00000000080007ca        0xc ./Core/Src/stm32f1xx_it.o
                0x00000000080007ca                SVC_Handler
 .text.DebugMon_Handler
                0x00000000080007d6        0xc ./Core/Src/stm32f1xx_it.o
                0x00000000080007d6                DebugMon_Handler
 .text.PendSV_Handler
                0x00000000080007e2        0xc ./Core/Src/stm32f1xx_it.o
                0x00000000080007e2                PendSV_Handler
 .text.SysTick_Handler
                0x00000000080007ee        0xc ./Core/Src/stm32f1xx_it.o
                0x00000000080007ee                SysTick_Handler
 *fill*         0x00000000080007fa        0x2 
 .text.TIM2_IRQHandler
                0x00000000080007fc       0x14 ./Core/Src/stm32f1xx_it.o
                0x00000000080007fc                TIM2_IRQHandler
 .text.TIM3_IRQHandler
                0x0000000008000810       0x14 ./Core/Src/stm32f1xx_it.o
                0x0000000008000810                TIM3_IRQHandler
 .text.USART2_IRQHandler
                0x0000000008000824       0x14 ./Core/Src/stm32f1xx_it.o
                0x0000000008000824                USART2_IRQHandler
 .text.SystemInit
                0x0000000008000838        0xc ./Core/Src/system_stm32f1xx.o
                0x0000000008000838                SystemInit
 .text.timerRun
                0x0000000008000844       0xac ./Core/Src/timer.o
                0x0000000008000844                timerRun
 .text.HAL_TIM_PeriodElapsedCallback
                0x00000000080008f0       0x22 ./Core/Src/timer.o
                0x00000000080008f0                HAL_TIM_PeriodElapsedCallback
 *fill*         0x0000000008000912        0x2 
 .text.Reset_Handler
                0x0000000008000914       0x48 ./Core/Startup/startup_stm32f103rbtx.o
                0x0000000008000914                Reset_Handler
 .text.Default_Handler
                0x000000000800095c        0x2 ./Core/Startup/startup_stm32f103rbtx.o
                0x000000000800095c                RTC_Alarm_IRQHandler
                0x000000000800095c                EXTI2_IRQHandler
                0x000000000800095c                TIM1_CC_IRQHandler
                0x000000000800095c                PVD_IRQHandler
                0x000000000800095c                EXTI3_IRQHandler
                0x000000000800095c                EXTI0_IRQHandler
                0x000000000800095c                I2C2_EV_IRQHandler
                0x000000000800095c                ADC1_2_IRQHandler
                0x000000000800095c                SPI1_IRQHandler
                0x000000000800095c                TAMPER_IRQHandler
                0x000000000800095c                DMA1_Channel4_IRQHandler
                0x000000000800095c                USART3_IRQHandler
                0x000000000800095c                RTC_IRQHandler
                0x000000000800095c                DMA1_Channel7_IRQHandler
                0x000000000800095c                CAN1_RX1_IRQHandler
                0x000000000800095c                TIM4_IRQHandler
                0x000000000800095c                I2C1_EV_IRQHandler
                0x000000000800095c                DMA1_Channel6_IRQHandler
                0x000000000800095c                RCC_IRQHandler
                0x000000000800095c                TIM1_TRG_COM_IRQHandler
                0x000000000800095c                DMA1_Channel1_IRQHandler
                0x000000000800095c                Default_Handler
                0x000000000800095c                EXTI15_10_IRQHandler
                0x000000000800095c                EXTI9_5_IRQHandler
                0x000000000800095c                SPI2_IRQHandler
                0x000000000800095c                DMA1_Channel5_IRQHandler
                0x000000000800095c                EXTI4_IRQHandler
                0x000000000800095c                USB_LP_CAN1_RX0_IRQHandler
                0x000000000800095c                USB_HP_CAN1_TX_IRQHandler
                0x000000000800095c                DMA1_Channel3_IRQHandler
                0x000000000800095c                TIM1_UP_IRQHandler
                0x000000000800095c                WWDG_IRQHandler
                0x000000000800095c                TIM1_BRK_IRQHandler
                0x000000000800095c                EXTI1_IRQHandler
                0x000000000800095c                I2C2_ER_IRQHandler
                0x000000000800095c                DMA1_Channel2_IRQHandler
                0x000000000800095c                CAN1_SCE_IRQHandler
                0x000000000800095c                FLASH_IRQHandler
                0x000000000800095c                USART1_IRQHandler
                0x000000000800095c                I2C1_ER_IRQHandler
                0x000000000800095c                USBWakeUp_IRQHandler
 *fill*         0x000000000800095e        0x2 
 .text.HAL_Init
                0x0000000008000960       0x2c ./Drivers/STM32F1xx_HAL_Driver/Src/stm32f1xx_hal.o
                0x0000000008000960                HAL_Init
 .text.HAL_InitTick
                0x000000000800098c       0x60 ./Drivers/STM32F1xx_HAL_Driver/Src/stm32f1xx_hal.o
                0x000000000800098c                HAL_InitTick
 .text.HAL_IncTick
                0x00000000080009ec       0x24 ./Drivers/STM32F1xx_HAL_Driver/Src/stm32f1xx_hal.o
                0x00000000080009ec                HAL_IncTick
 .text.HAL_GetTick
                0x0000000008000a10       0x14 ./Drivers/STM32F1xx_HAL_Driver/Src/stm32f1xx_hal.o
                0x0000000008000a10                HAL_GetTick
 .text.__NVIC_SetPriorityGrouping
                0x0000000008000a24       0x48 ./Drivers/STM32F1xx_HAL_Driver/Src/stm32f1xx_hal_cortex.o
 .text.__NVIC_GetPriorityGrouping
                0x0000000008000a6c       0x1c ./Drivers/STM32F1xx_HAL_Driver/Src/stm32f1xx_hal_cortex.o
 .text.__NVIC_EnableIRQ
                0x0000000008000a88       0x38 ./Drivers/STM32F1xx_HAL_Driver/Src/stm32f1xx_hal_cortex.o
 .text.__NVIC_SetPriority
                0x0000000008000ac0       0x54 ./Drivers/STM32F1xx_HAL_Driver/Src/stm32f1xx_hal_cortex.o
 .text.NVIC_EncodePriority
                0x0000000008000b14       0x64 ./Drivers/STM32F1xx_HAL_Driver/Src/stm32f1xx_hal_cortex.o
 .text.SysTick_Config
                0x0000000008000b78       0x44 ./Drivers/STM32F1xx_HAL_Driver/Src/stm32f1xx_hal_cortex.o
 .text.HAL_NVIC_SetPriorityGrouping
                0x0000000008000bbc       0x16 ./Drivers/STM32F1xx_HAL_Driver/Src/stm32f1xx_hal_cortex.o
                0x0000000008000bbc                HAL_NVIC_SetPriorityGrouping
 .text.HAL_NVIC_SetPriority
                0x0000000008000bd2       0x38 ./Drivers/STM32F1xx_HAL_Driver/Src/stm32f1xx_hal_cortex.o
                0x0000000008000bd2                HAL_NVIC_SetPriority
 .text.HAL_NVIC_EnableIRQ
                0x0000000008000c0a       0x1c ./Drivers/STM32F1xx_HAL_Driver/Src/stm32f1xx_hal_cortex.o
                0x0000000008000c0a                HAL_NVIC_EnableIRQ
 .text.HAL_SYSTICK_Config
                0x0000000008000c26       0x18 ./Drivers/STM32F1xx_HAL_Driver/Src/stm32f1xx_hal_cortex.o
                0x0000000008000c26                HAL_SYSTICK_Config
 .text.HAL_DMA_Abort
                0x0000000008000c3e       0x74 ./Drivers/STM32F1xx_HAL_Driver/Src/stm32f1xx_hal_dma.o
                0x0000000008000c3e                HAL_DMA_Abort
 *fill*         0x0000000008000cb2        0x2 
 .text.HAL_DMA_Abort_IT
                0x0000000008000cb4       0xec ./Drivers/STM32F1xx_HAL_Driver/Src/stm32f1xx_hal_dma.o
                0x0000000008000cb4                HAL_DMA_Abort_IT
 .text.HAL_GPIO_Init
                0x0000000008000da0      0x308 ./Drivers/STM32F1xx_HAL_Driver/Src/stm32f1xx_hal_gpio.o
                0x0000000008000da0                HAL_GPIO_Init
 .text.HAL_GPIO_ReadPin
                0x00000000080010a8       0x2e ./Drivers/STM32F1xx_HAL_Driver/Src/stm32f1xx_hal_gpio.o
                0x00000000080010a8                HAL_GPIO_ReadPin
 .text.HAL_GPIO_WritePin
                0x00000000080010d6       0x30 ./Drivers/STM32F1xx_HAL_Driver/Src/stm32f1xx_hal_gpio.o
                0x00000000080010d6                HAL_GPIO_WritePin
 *fill*         0x0000000008001106        0x2 
 .text.HAL_RCC_OscConfig
                0x0000000008001108      0x500 ./Drivers/STM32F1xx_HAL_Driver/Src/stm32f1xx_hal_rcc.o
                0x0000000008001108                HAL_RCC_OscConfig
 .text.HAL_RCC_ClockConfig
                0x0000000008001608      0x1d4 ./Drivers/STM32F1xx_HAL_Driver/Src/stm32f1xx_hal_rcc.o
                0x0000000008001608                HAL_RCC_ClockConfig
 .text.HAL_RCC_GetSysClockFreq
                0x00000000080017dc       0xc0 ./Drivers/STM32F1xx_HAL_Driver/Src/stm32f1xx_hal_rcc.o
                0x00000000080017dc                HAL_RCC_GetSysClockFreq
 .text.HAL_RCC_GetHCLKFreq
                0x000000000800189c       0x14 ./Drivers/STM32F1xx_HAL_Driver/Src/stm32f1xx_hal_rcc.o
                0x000000000800189c                HAL_RCC_GetHCLKFreq
 .text.HAL_RCC_GetPCLK1Freq
                0x00000000080018b0       0x28 ./Drivers/STM32F1xx_HAL_Driver/Src/stm32f1xx_hal_rcc.o
                0x00000000080018b0                HAL_RCC_GetPCLK1Freq
 .text.HAL_RCC_GetPCLK2Freq
                0x00000000080018d8       0x28 ./Drivers/STM32F1xx_HAL_Driver/Src/stm32f1xx_hal_rcc.o
                0x00000000080018d8                HAL_RCC_GetPCLK2Freq
 .text.RCC_Delay
                0x0000000008001900       0x3c ./Drivers/STM32F1xx_HAL_Driver/Src/stm32f1xx_hal_rcc.o
 .text.HAL_TIM_Base_Init
                0x000000000800193c       0x9e ./Drivers/STM32F1xx_HAL_Driver/Src/stm32f1xx_hal_tim.o
                0x000000000800193c                HAL_TIM_Base_Init
 *fill*         0x00000000080019da        0x2 
 .text.HAL_TIM_Base_Start_IT
                0x00000000080019dc       0xa4 ./Drivers/STM32F1xx_HAL_Driver/Src/stm32f1xx_hal_tim.o
                0x00000000080019dc                HAL_TIM_Base_Start_IT
 .text.HAL_TIM_PWM_Init
                0x0000000008001a80       0x9e ./Drivers/STM32F1xx_HAL_Driver/Src/stm32f1xx_hal_tim.o
                0x0000000008001a80                HAL_TIM_PWM_Init
 .text.HAL_TIM_PWM_MspInit
                0x0000000008001b1e       0x12 ./Drivers/STM32F1xx_HAL_Driver/Src/stm32f1xx_hal_tim.o
                0x0000000008001b1e                HAL_TIM_PWM_MspInit
 .text.HAL_TIM_IRQHandler
                0x0000000008001b30      0x210 ./Drivers/STM32F1xx_HAL_Driver/Src/stm32f1xx_hal_tim.o
                0x0000000008001b30                HAL_TIM_IRQHandler
 .text.HAL_TIM_PWM_ConfigChannel
                0x0000000008001d40      0x17c ./Drivers/STM32F1xx_HAL_Driver/Src/stm32f1xx_hal_tim.o
                0x0000000008001d40                HAL_TIM_PWM_ConfigChannel
 .text.HAL_TIM_ConfigClockSource
                0x0000000008001ebc      0x188 ./Drivers/STM32F1xx_HAL_Driver/Src/stm32f1xx_hal_tim.o
                0x0000000008001ebc                HAL_TIM_ConfigClockSource
 .text.HAL_TIM_OC_DelayElapsedCallback
                0x0000000008002044       0x12 ./Drivers/STM32F1xx_HAL_Driver/Src/stm32f1xx_hal_tim.o
                0x0000000008002044                HAL_TIM_OC_DelayElapsedCallback
 .text.HAL_TIM_IC_CaptureCallback
                0x0000000008002056       0x12 ./Drivers/STM32F1xx_HAL_Driver/Src/stm32f1xx_hal_tim.o
                0x0000000008002056                HAL_TIM_IC_CaptureCallback
 .text.HAL_TIM_PWM_PulseFinishedCallback
                0x0000000008002068       0x12 ./Drivers/STM32F1xx_HAL_Driver/Src/stm32f1xx_hal_tim.o
                0x0000000008002068                HAL_TIM_PWM_PulseFinishedCallback
 .text.HAL_TIM_TriggerCallback
                0x000000000800207a       0x12 ./Drivers/STM32F1xx_HAL_Driver/Src/stm32f1xx_hal_tim.o
                0x000000000800207a                HAL_TIM_TriggerCallback
 .text.TIM_Base_SetConfig
                0x000000000800208c       0xc4 ./Drivers/STM32F1xx_HAL_Driver/Src/stm32f1xx_hal_tim.o
                0x000000000800208c                TIM_Base_SetConfig
 .text.TIM_OC1_SetConfig
                0x0000000008002150       0xcc ./Drivers/STM32F1xx_HAL_Driver/Src/stm32f1xx_hal_tim.o
 .text.TIM_OC2_SetConfig
                0x000000000800221c       0xd4 ./Drivers/STM32F1xx_HAL_Driver/Src/stm32f1xx_hal_tim.o
                0x000000000800221c                TIM_OC2_SetConfig
 .text.TIM_OC3_SetConfig
                0x00000000080022f0       0xd4 ./Drivers/STM32F1xx_HAL_Driver/Src/stm32f1xx_hal_tim.o
 .text.TIM_OC4_SetConfig
                0x00000000080023c4       0x9c ./Drivers/STM32F1xx_HAL_Driver/Src/stm32f1xx_hal_tim.o
 .text.TIM_TI1_ConfigInputStage
                0x0000000008002460       0x5c ./Drivers/STM32F1xx_HAL_Driver/Src/stm32f1xx_hal_tim.o
 .text.TIM_TI2_ConfigInputStage
                0x00000000080024bc       0x5e ./Drivers/STM32F1xx_HAL_Driver/Src/stm32f1xx_hal_tim.o
 .text.TIM_ITRx_SetConfig
                0x000000000800251a       0x34 ./Drivers/STM32F1xx_HAL_Driver/Src/stm32f1xx_hal_tim.o
 .text.TIM_ETR_SetConfig
                0x000000000800254e       0x3e ./Drivers/STM32F1xx_HAL_Driver/Src/stm32f1xx_hal_tim.o
                0x000000000800254e                TIM_ETR_SetConfig
 .text.HAL_TIMEx_MasterConfigSynchronization
                0x000000000800258c       0xbc ./Drivers/STM32F1xx_HAL_Driver/Src/stm32f1xx_hal_tim_ex.o
                0x000000000800258c                HAL_TIMEx_MasterConfigSynchronization
 .text.HAL_TIMEx_CommutCallback
                0x0000000008002648       0x12 ./Drivers/STM32F1xx_HAL_Driver/Src/stm32f1xx_hal_tim_ex.o
                0x0000000008002648                HAL_TIMEx_CommutCallback
 .text.HAL_TIMEx_BreakCallback
                0x000000000800265a       0x12 ./Drivers/STM32F1xx_HAL_Driver/Src/stm32f1xx_hal_tim_ex.o
                0x000000000800265a                HAL_TIMEx_BreakCallback
 .text.HAL_UART_Init
                0x000000000800266c       0x9a ./Drivers/STM32F1xx_HAL_Driver/Src/stm32f1xx_hal_uart.o
                0x000000000800266c                HAL_UART_Init
 .text.HAL_UART_Transmit
                0x0000000008002706      0x124 ./Drivers/STM32F1xx_HAL_Driver/Src/stm32f1xx_hal_uart.o
                0x0000000008002706                HAL_UART_Transmit
 .text.HAL_UART_Receive_IT
                0x000000000800282a       0x60 ./Drivers/STM32F1xx_HAL_Driver/Src/stm32f1xx_hal_uart.o
                0x000000000800282a                HAL_UART_Receive_IT
 *fill*         0x000000000800288a        0x2 
 .text.HAL_UART_IRQHandler
                0x000000000800288c      0x354 ./Drivers/STM32F1xx_HAL_Driver/Src/stm32f1xx_hal_uart.o
                0x000000000800288c                HAL_UART_IRQHandler
 .text.HAL_UART_TxCpltCallback
                0x0000000008002be0       0x12 ./Drivers/STM32F1xx_HAL_Driver/Src/stm32f1xx_hal_uart.o
                0x0000000008002be0                HAL_UART_TxCpltCallback
 .text.HAL_UART_ErrorCallback
                0x0000000008002bf2       0x12 ./Drivers/STM32F1xx_HAL_Driver/Src/stm32f1xx_hal_uart.o
                0x0000000008002bf2                HAL_UART_ErrorCallback
 .text.HAL_UARTEx_RxEventCallback
                0x0000000008002c04       0x16 ./Drivers/STM32F1xx_HAL_Driver/Src/stm32f1xx_hal_uart.o
                0x0000000008002c04                HAL_UARTEx_RxEventCallback
 .text.UART_WaitOnFlagUntilTimeout
                0x0000000008002c1a       0x94 ./Drivers/STM32F1xx_HAL_Driver/Src/stm32f1xx_hal_uart.o
 .text.UART_Start_Receive_IT
                0x0000000008002cae       0x72 ./Drivers/STM32F1xx_HAL_Driver/Src/stm32f1xx_hal_uart.o
                0x0000000008002cae                UART_Start_Receive_IT
 .text.UART_EndRxTransfer
                0x0000000008002d20       0x58 ./Drivers/STM32F1xx_HAL_Driver/Src/stm32f1xx_hal_uart.o
 .text.UART_DMAAbortOnError
                0x0000000008002d78       0x28 ./Drivers/STM32F1xx_HAL_Driver/Src/stm32f1xx_hal_uart.o
 .text.UART_Transmit_IT
                0x0000000008002da0       0x9e ./Drivers/STM32F1xx_HAL_Driver/Src/stm32f1xx_hal_uart.o
 .text.UART_EndTransmit_IT
                0x0000000008002e3e       0x30 ./Drivers/STM32F1xx_HAL_Driver/Src/stm32f1xx_hal_uart.o
 .text.UART_Receive_IT
                0x0000000008002e6e      0x152 ./Drivers/STM32F1xx_HAL_Driver/Src/stm32f1xx_hal_uart.o
 .text.UART_SetConfig
                0x0000000008002fc0      0x11c ./Drivers/STM32F1xx_HAL_Driver/Src/stm32f1xx_hal_uart.o
 .text.__libc_init_array
                0x00000000080030dc       0x48 g:/vi xu li/stm32cubeide_1.7.0/stm32cubeide/plugins/com.st.stm32cube.ide.mcu.externaltools.gnu-tools-for-stm32.9-2020-q2-update.win32_2.0.0.202105311346/tools/bin/../lib/gcc/arm-none-eabi/9.3.1/../../../../arm-none-eabi/lib/thumb/v7-m/nofp\libc_nano.a(lib_a-init.o)
                0x00000000080030dc                __libc_init_array
 .text.memset   0x0000000008003124       0x10 g:/vi xu li/stm32cubeide_1.7.0/stm32cubeide/plugins/com.st.stm32cube.ide.mcu.externaltools.gnu-tools-for-stm32.9-2020-q2-update.win32_2.0.0.202105311346/tools/bin/../lib/gcc/arm-none-eabi/9.3.1/../../../../arm-none-eabi/lib/thumb/v7-m/nofp\libc_nano.a(lib_a-memset.o)
                0x0000000008003124                memset
 *(.glue_7)
 .glue_7        0x0000000008003134        0x0 linker stubs
 *(.glue_7t)
 .glue_7t       0x0000000008003134        0x0 linker stubs
 *(.eh_frame)
 .eh_frame      0x0000000008003134        0x0 g:/vi xu li/stm32cubeide_1.7.0/stm32cubeide/plugins/com.st.stm32cube.ide.mcu.externaltools.gnu-tools-for-stm32.9-2020-q2-update.win32_2.0.0.202105311346/tools/bin/../lib/gcc/arm-none-eabi/9.3.1/thumb/v7-m/nofp/crtbegin.o
 *(.init)
 .init          0x0000000008003134        0x4 g:/vi xu li/stm32cubeide_1.7.0/stm32cubeide/plugins/com.st.stm32cube.ide.mcu.externaltools.gnu-tools-for-stm32.9-2020-q2-update.win32_2.0.0.202105311346/tools/bin/../lib/gcc/arm-none-eabi/9.3.1/thumb/v7-m/nofp/crti.o
                0x0000000008003134                _init
 .init          0x0000000008003138        0x8 g:/vi xu li/stm32cubeide_1.7.0/stm32cubeide/plugins/com.st.stm32cube.ide.mcu.externaltools.gnu-tools-for-stm32.9-2020-q2-update.win32_2.0.0.202105311346/tools/bin/../lib/gcc/arm-none-eabi/9.3.1/thumb/v7-m/nofp/crtn.o
 *(.fini)
 .fini          0x0000000008003140        0x4 g:/vi xu li/stm32cubeide_1.7.0/stm32cubeide/plugins/com.st.stm32cube.ide.mcu.externaltools.gnu-tools-for-stm32.9-2020-q2-update.win32_2.0.0.202105311346/tools/bin/../lib/gcc/arm-none-eabi/9.3.1/thumb/v7-m/nofp/crti.o
                0x0000000008003140                _fini
 .fini          0x0000000008003144        0x8 g:/vi xu li/stm32cubeide_1.7.0/stm32cubeide/plugins/com.st.stm32cube.ide.mcu.externaltools.gnu-tools-for-stm32.9-2020-q2-update.win32_2.0.0.202105311346/tools/bin/../lib/gcc/arm-none-eabi/9.3.1/thumb/v7-m/nofp/crtn.o
                0x000000000800314c                . = ALIGN (0x4)
                0x000000000800314c                _etext = .

.vfp11_veneer   0x000000000800314c        0x0
 .vfp11_veneer  0x000000000800314c        0x0 linker stubs

.v4_bx          0x000000000800314c        0x0
 .v4_bx         0x000000000800314c        0x0 linker stubs

.iplt           0x000000000800314c        0x0
 .iplt          0x000000000800314c        0x0 g:/vi xu li/stm32cubeide_1.7.0/stm32cubeide/plugins/com.st.stm32cube.ide.mcu.externaltools.gnu-tools-for-stm32.9-2020-q2-update.win32_2.0.0.202105311346/tools/bin/../lib/gcc/arm-none-eabi/9.3.1/thumb/v7-m/nofp/crtbegin.o

.rodata         0x000000000800314c       0x28
                0x000000000800314c                . = ALIGN (0x4)
 *(.rodata)
 .rodata        0x000000000800314c       0x10 ./Drivers/STM32F1xx_HAL_Driver/Src/stm32f1xx_hal_rcc.o
 *(.rodata*)
 .rodata.AHBPrescTable
                0x000000000800315c       0x10 ./Core/Src/system_stm32f1xx.o
                0x000000000800315c                AHBPrescTable
 .rodata.APBPrescTable
                0x000000000800316c        0x8 ./Core/Src/system_stm32f1xx.o
                0x000000000800316c                APBPrescTable
                0x0000000008003174                . = ALIGN (0x4)

.rel.dyn        0x0000000008003174        0x0
 .rel.iplt      0x0000000008003174        0x0 g:/vi xu li/stm32cubeide_1.7.0/stm32cubeide/plugins/com.st.stm32cube.ide.mcu.externaltools.gnu-tools-for-stm32.9-2020-q2-update.win32_2.0.0.202105311346/tools/bin/../lib/gcc/arm-none-eabi/9.3.1/thumb/v7-m/nofp/crtbegin.o

.ARM.extab      0x0000000008003174        0x0
                0x0000000008003174                . = ALIGN (0x4)
 *(.ARM.extab* .gnu.linkonce.armextab.*)
                0x0000000008003174                . = ALIGN (0x4)

.ARM            0x0000000008003174        0x0
                0x0000000008003174                . = ALIGN (0x4)
                0x0000000008003174                __exidx_start = .
 *(.ARM.exidx*)
                0x0000000008003174                __exidx_end = .
                0x0000000008003174                . = ALIGN (0x4)

.preinit_array  0x0000000008003174        0x0
                0x0000000008003174                . = ALIGN (0x4)
                0x0000000008003174                PROVIDE (__preinit_array_start = .)
 *(.preinit_array*)
                0x0000000008003174                PROVIDE (__preinit_array_end = .)
                0x0000000008003174                . = ALIGN (0x4)

.init_array     0x0000000008003174        0x4
                0x0000000008003174                . = ALIGN (0x4)
                0x0000000008003174                PROVIDE (__init_array_start = .)
 *(SORT_BY_NAME(.init_array.*))
 *(.init_array*)
 .init_array    0x0000000008003174        0x4 g:/vi xu li/stm32cubeide_1.7.0/stm32cubeide/plugins/com.st.stm32cube.ide.mcu.externaltools.gnu-tools-for-stm32.9-2020-q2-update.win32_2.0.0.202105311346/tools/bin/../lib/gcc/arm-none-eabi/9.3.1/thumb/v7-m/nofp/crtbegin.o
                0x0000000008003178                PROVIDE (__init_array_end = .)
                0x0000000008003178                . = ALIGN (0x4)

.fini_array     0x0000000008003178        0x4
                0x0000000008003178                . = ALIGN (0x4)
                [!provide]                        PROVIDE (__fini_array_start = .)
 *(SORT_BY_NAME(.fini_array.*))
 *(.fini_array*)
 .fini_array    0x0000000008003178        0x4 g:/vi xu li/stm32cubeide_1.7.0/stm32cubeide/plugins/com.st.stm32cube.ide.mcu.externaltools.gnu-tools-for-stm32.9-2020-q2-update.win32_2.0.0.202105311346/tools/bin/../lib/gcc/arm-none-eabi/9.3.1/thumb/v7-m/nofp/crtbegin.o
                [!provide]                        PROVIDE (__fini_array_end = .)
                0x000000000800317c                . = ALIGN (0x4)
                0x000000000800317c                _sidata = LOADADDR (.data)

.data           0x0000000020000000       0x28 load address 0x000000000800317c
                0x0000000020000000                . = ALIGN (0x4)
                0x0000000020000000                _sdata = .
 *(.data)
 *(.data*)
 .data.buttonBuffer
                0x0000000020000000        0x4 ./Core/Src/input_reading.o
 .data.buttonPin
                0x0000000020000004        0x8 ./Core/Src/input_reading.o
 .data.buttonPort
                0x000000002000000c       0x10 ./Core/Src/input_reading.o
 .data.SystemCoreClock
                0x000000002000001c        0x4 ./Core/Src/system_stm32f1xx.o
                0x000000002000001c                SystemCoreClock
 .data.uwTickPrio
                0x0000000020000020        0x4 ./Drivers/STM32F1xx_HAL_Driver/Src/stm32f1xx_hal.o
                0x0000000020000020                uwTickPrio
 .data.uwTickFreq
                0x0000000020000024        0x1 ./Drivers/STM32F1xx_HAL_Driver/Src/stm32f1xx_hal.o
                0x0000000020000024                uwTickFreq
 *(.RamFunc)
 *(.RamFunc*)
                0x0000000020000028                . = ALIGN (0x4)
 *fill*         0x0000000020000025        0x3 
                0x0000000020000028                _edata = .

.igot.plt       0x0000000020000028        0x0 load address 0x00000000080031a4
 .igot.plt      0x0000000020000028        0x0 g:/vi xu li/stm32cubeide_1.7.0/stm32cubeide/plugins/com.st.stm32cube.ide.mcu.externaltools.gnu-tools-for-stm32.9-2020-q2-update.win32_2.0.0.202105311346/tools/bin/../lib/gcc/arm-none-eabi/9.3.1/thumb/v7-m/nofp/crtbegin.o
                0x0000000020000028                . = ALIGN (0x4)

.bss            0x0000000020000028      0x13c load address 0x00000000080031a4
                0x0000000020000028                _sbss = .
                0x0000000020000028                __bss_start__ = _sbss
 *(.bss)
 .bss           0x0000000020000028       0x1c g:/vi xu li/stm32cubeide_1.7.0/stm32cubeide/plugins/com.st.stm32cube.ide.mcu.externaltools.gnu-tools-for-stm32.9-2020-q2-update.win32_2.0.0.202105311346/tools/bin/../lib/gcc/arm-none-eabi/9.3.1/thumb/v7-m/nofp/crtbegin.o
 *(.bss*)
 .bss.debounceButtonBuffer1
                0x0000000020000044        0x4 ./Core/Src/input_reading.o
 .bss.debounceButtonBuffer2
                0x0000000020000048        0x4 ./Core/Src/input_reading.o
 .bss.debounceButtonBuffer3
                0x000000002000004c        0x4 ./Core/Src/input_reading.o
 .bss.reset_flag
                0x0000000020000050        0x4 ./Core/Src/timer.o
                0x0000000020000050                reset_flag
 .bss.reset_counter
                0x0000000020000054        0x4 ./Core/Src/timer.o
                0x0000000020000054                reset_counter
 .bss.run_flag  0x0000000020000058        0x4 ./Core/Src/timer.o
                0x0000000020000058                run_flag
 .bss.run_counter
                0x000000002000005c        0x4 ./Core/Src/timer.o
                0x000000002000005c                run_counter
 .bss.pes_flag  0x0000000020000060        0x4 ./Core/Src/timer.o
                0x0000000020000060                pes_flag
 .bss.pes_counter
                0x0000000020000064        0x4 ./Core/Src/timer.o
                0x0000000020000064                pes_counter
 .bss.blink_flag
                0x0000000020000068        0x4 ./Core/Src/timer.o
                0x0000000020000068                blink_flag
 .bss.blink_counter
                0x000000002000006c        0x4 ./Core/Src/timer.o
                0x000000002000006c                blink_counter
 *(COMMON)
 COMMON         0x0000000020000070       0x58 ./Core/Src/input_processing.o
                0x0000000020000070                status_1
                0x0000000020000074                mode
                0x0000000020000078                status_2
                0x000000002000007c                time1
                0x0000000020000080                huart2
                0x00000000200000c4                time2
 COMMON         0x00000000200000c8        0x1 ./Core/Src/input_reading.o
                0x00000000200000c8                duration_for_buttons
 *fill*         0x00000000200000c9        0x3 
 COMMON         0x00000000200000cc       0x94 ./Core/Src/main.o
                0x00000000200000cc                htim3
                0x0000000020000114                rx_data
                0x0000000020000118                htim2
 COMMON         0x0000000020000160        0x4 ./Drivers/STM32F1xx_HAL_Driver/Src/stm32f1xx_hal.o
                0x0000000020000160                uwTick
                0x0000000020000164                . = ALIGN (0x4)
                0x0000000020000164                _ebss = .
                0x0000000020000164                __bss_end__ = _ebss

._user_heap_stack
                0x0000000020000164      0x604 load address 0x00000000080031a4
                0x0000000020000168                . = ALIGN (0x8)
 *fill*         0x0000000020000164        0x4 
                [!provide]                        PROVIDE (end = .)
                0x0000000020000168                PROVIDE (_end = .)
                0x0000000020000368                . = (. + _Min_Heap_Size)
 *fill*         0x0000000020000168      0x200 
                0x0000000020000768                . = (. + _Min_Stack_Size)
 *fill*         0x0000000020000368      0x400 
                0x0000000020000768                . = ALIGN (0x8)

/DISCARD/
 libc.a(*)
 libm.a(*)
 libgcc.a(*)

.ARM.attributes
                0x0000000000000000       0x29
 *(.ARM.attributes)
 .ARM.attributes
                0x0000000000000000       0x1d g:/vi xu li/stm32cubeide_1.7.0/stm32cubeide/plugins/com.st.stm32cube.ide.mcu.externaltools.gnu-tools-for-stm32.9-2020-q2-update.win32_2.0.0.202105311346/tools/bin/../lib/gcc/arm-none-eabi/9.3.1/thumb/v7-m/nofp/crti.o
 .ARM.attributes
                0x000000000000001d       0x2d g:/vi xu li/stm32cubeide_1.7.0/stm32cubeide/plugins/com.st.stm32cube.ide.mcu.externaltools.gnu-tools-for-stm32.9-2020-q2-update.win32_2.0.0.202105311346/tools/bin/../lib/gcc/arm-none-eabi/9.3.1/thumb/v7-m/nofp/crtbegin.o
 .ARM.attributes
                0x000000000000004a       0x2d ./Core/Src/input_processing.o
 .ARM.attributes
                0x0000000000000077       0x2d ./Core/Src/input_reading.o
 .ARM.attributes
                0x00000000000000a4       0x2d ./Core/Src/main.o
 .ARM.attributes
                0x00000000000000d1       0x2d ./Core/Src/stm32f1xx_hal_msp.o
 .ARM.attributes
                0x00000000000000fe       0x2d ./Core/Src/stm32f1xx_it.o
 .ARM.attributes
                0x000000000000012b       0x2d ./Core/Src/system_stm32f1xx.o
 .ARM.attributes
                0x0000000000000158       0x2d ./Core/Src/timer.o
 .ARM.attributes
                0x0000000000000185       0x21 ./Core/Startup/startup_stm32f103rbtx.o
 .ARM.attributes
                0x00000000000001a6       0x2d ./Drivers/STM32F1xx_HAL_Driver/Src/stm32f1xx_hal.o
 .ARM.attributes
                0x00000000000001d3       0x2d ./Drivers/STM32F1xx_HAL_Driver/Src/stm32f1xx_hal_cortex.o
 .ARM.attributes
                0x0000000000000200       0x2d ./Drivers/STM32F1xx_HAL_Driver/Src/stm32f1xx_hal_dma.o
 .ARM.attributes
                0x000000000000022d       0x2d ./Drivers/STM32F1xx_HAL_Driver/Src/stm32f1xx_hal_gpio.o
 .ARM.attributes
                0x000000000000025a       0x2d ./Drivers/STM32F1xx_HAL_Driver/Src/stm32f1xx_hal_rcc.o
 .ARM.attributes
                0x0000000000000287       0x2d ./Drivers/STM32F1xx_HAL_Driver/Src/stm32f1xx_hal_tim.o
 .ARM.attributes
                0x00000000000002b4       0x2d ./Drivers/STM32F1xx_HAL_Driver/Src/stm32f1xx_hal_tim_ex.o
 .ARM.attributes
                0x00000000000002e1       0x2d ./Drivers/STM32F1xx_HAL_Driver/Src/stm32f1xx_hal_uart.o
 .ARM.attributes
                0x000000000000030e       0x2d g:/vi xu li/stm32cubeide_1.7.0/stm32cubeide/plugins/com.st.stm32cube.ide.mcu.externaltools.gnu-tools-for-stm32.9-2020-q2-update.win32_2.0.0.202105311346/tools/bin/../lib/gcc/arm-none-eabi/9.3.1/../../../../arm-none-eabi/lib/thumb/v7-m/nofp\libc_nano.a(lib_a-init.o)
 .ARM.attributes
                0x000000000000033b       0x2d g:/vi xu li/stm32cubeide_1.7.0/stm32cubeide/plugins/com.st.stm32cube.ide.mcu.externaltools.gnu-tools-for-stm32.9-2020-q2-update.win32_2.0.0.202105311346/tools/bin/../lib/gcc/arm-none-eabi/9.3.1/../../../../arm-none-eabi/lib/thumb/v7-m/nofp\libc_nano.a(lib_a-memset.o)
 .ARM.attributes
                0x0000000000000368       0x1d g:/vi xu li/stm32cubeide_1.7.0/stm32cubeide/plugins/com.st.stm32cube.ide.mcu.externaltools.gnu-tools-for-stm32.9-2020-q2-update.win32_2.0.0.202105311346/tools/bin/../lib/gcc/arm-none-eabi/9.3.1/thumb/v7-m/nofp/crtn.o
OUTPUT(Project.elf elf32-littlearm)
LOAD linker stubs
LOAD g:/vi xu li/stm32cubeide_1.7.0/stm32cubeide/plugins/com.st.stm32cube.ide.mcu.externaltools.gnu-tools-for-stm32.9-2020-q2-update.win32_2.0.0.202105311346/tools/bin/../lib/gcc/arm-none-eabi/9.3.1/../../../../arm-none-eabi/lib/thumb/v7-m/nofp\libc.a
LOAD g:/vi xu li/stm32cubeide_1.7.0/stm32cubeide/plugins/com.st.stm32cube.ide.mcu.externaltools.gnu-tools-for-stm32.9-2020-q2-update.win32_2.0.0.202105311346/tools/bin/../lib/gcc/arm-none-eabi/9.3.1/../../../../arm-none-eabi/lib/thumb/v7-m/nofp\libm.a
LOAD g:/vi xu li/stm32cubeide_1.7.0/stm32cubeide/plugins/com.st.stm32cube.ide.mcu.externaltools.gnu-tools-for-stm32.9-2020-q2-update.win32_2.0.0.202105311346/tools/bin/../lib/gcc/arm-none-eabi/9.3.1/thumb/v7-m/nofp\libgcc.a

.debug_info     0x0000000000000000     0xd83c
 .debug_info    0x0000000000000000     0x10fb ./Core/Src/input_processing.o
 .debug_info    0x00000000000010fb      0xbe3 ./Core/Src/input_reading.o
 .debug_info    0x0000000000001cde      0xeca ./Core/Src/main.o
 .debug_info    0x0000000000002ba8      0xe38 ./Core/Src/stm32f1xx_hal_msp.o
 .debug_info    0x00000000000039e0      0xa40 ./Core/Src/stm32f1xx_it.o
 .debug_info    0x0000000000004420      0x2be ./Core/Src/system_stm32f1xx.o
 .debug_info    0x00000000000046de     0x1115 ./Core/Src/timer.o
 .debug_info    0x00000000000057f3       0x22 ./Core/Startup/startup_stm32f103rbtx.o
 .debug_info    0x0000000000005815      0x76a ./Drivers/STM32F1xx_HAL_Driver/Src/stm32f1xx_hal.o
 .debug_info    0x0000000000005f7f      0xbdc ./Drivers/STM32F1xx_HAL_Driver/Src/stm32f1xx_hal_cortex.o
 .debug_info    0x0000000000006b5b      0x81e ./Drivers/STM32F1xx_HAL_Driver/Src/stm32f1xx_hal_dma.o
 .debug_info    0x0000000000007379      0x701 ./Drivers/STM32F1xx_HAL_Driver/Src/stm32f1xx_hal_gpio.o
 .debug_info    0x0000000000007a7a      0x88e ./Drivers/STM32F1xx_HAL_Driver/Src/stm32f1xx_hal_rcc.o
 .debug_info    0x0000000000008308     0x2a45 ./Drivers/STM32F1xx_HAL_Driver/Src/stm32f1xx_hal_tim.o
 .debug_info    0x000000000000ad4d     0x14d5 ./Drivers/STM32F1xx_HAL_Driver/Src/stm32f1xx_hal_tim_ex.o
 .debug_info    0x000000000000c222     0x161a ./Drivers/STM32F1xx_HAL_Driver/Src/stm32f1xx_hal_uart.o

.debug_abbrev   0x0000000000000000     0x2123
 .debug_abbrev  0x0000000000000000      0x2aa ./Core/Src/input_processing.o
 .debug_abbrev  0x00000000000002aa      0x231 ./Core/Src/input_reading.o
 .debug_abbrev  0x00000000000004db      0x26f ./Core/Src/main.o
 .debug_abbrev  0x000000000000074a      0x1c8 ./Core/Src/stm32f1xx_hal_msp.o
 .debug_abbrev  0x0000000000000912      0x176 ./Core/Src/stm32f1xx_it.o
 .debug_abbrev  0x0000000000000a88      0x14e ./Core/Src/system_stm32f1xx.o
 .debug_abbrev  0x0000000000000bd6      0x269 ./Core/Src/timer.o
 .debug_abbrev  0x0000000000000e3f       0x12 ./Core/Startup/startup_stm32f103rbtx.o
 .debug_abbrev  0x0000000000000e51      0x1ed ./Drivers/STM32F1xx_HAL_Driver/Src/stm32f1xx_hal.o
 .debug_abbrev  0x000000000000103e      0x313 ./Drivers/STM32F1xx_HAL_Driver/Src/stm32f1xx_hal_cortex.o
 .debug_abbrev  0x0000000000001351      0x228 ./Drivers/STM32F1xx_HAL_Driver/Src/stm32f1xx_hal_dma.o
 .debug_abbrev  0x0000000000001579      0x1e8 ./Drivers/STM32F1xx_HAL_Driver/Src/stm32f1xx_hal_gpio.o
 .debug_abbrev  0x0000000000001761      0x273 ./Drivers/STM32F1xx_HAL_Driver/Src/stm32f1xx_hal_rcc.o
 .debug_abbrev  0x00000000000019d4      0x25e ./Drivers/STM32F1xx_HAL_Driver/Src/stm32f1xx_hal_tim.o
 .debug_abbrev  0x0000000000001c32      0x266 ./Drivers/STM32F1xx_HAL_Driver/Src/stm32f1xx_hal_tim_ex.o
 .debug_abbrev  0x0000000000001e98      0x28b ./Drivers/STM32F1xx_HAL_Driver/Src/stm32f1xx_hal_uart.o

.debug_aranges  0x0000000000000000      0xca8
 .debug_aranges
                0x0000000000000000       0x50 ./Core/Src/input_processing.o
 .debug_aranges
                0x0000000000000050       0x28 ./Core/Src/input_reading.o
 .debug_aranges
                0x0000000000000078       0x58 ./Core/Src/main.o
 .debug_aranges
                0x00000000000000d0       0x48 ./Core/Src/stm32f1xx_hal_msp.o
 .debug_aranges
                0x0000000000000118       0x78 ./Core/Src/stm32f1xx_it.o
 .debug_aranges
                0x0000000000000190       0x28 ./Core/Src/system_stm32f1xx.o
 .debug_aranges
                0x00000000000001b8       0x48 ./Core/Src/timer.o
 .debug_aranges
                0x0000000000000200       0x28 ./Core/Startup/startup_stm32f103rbtx.o
 .debug_aranges
                0x0000000000000228       0xe0 ./Drivers/STM32F1xx_HAL_Driver/Src/stm32f1xx_hal.o
 .debug_aranges
                0x0000000000000308      0x100 ./Drivers/STM32F1xx_HAL_Driver/Src/stm32f1xx_hal_cortex.o
 .debug_aranges
                0x0000000000000408       0x80 ./Drivers/STM32F1xx_HAL_Driver/Src/stm32f1xx_hal_dma.o
 .debug_aranges
                0x0000000000000488       0x58 ./Drivers/STM32F1xx_HAL_Driver/Src/stm32f1xx_hal_gpio.o
 .debug_aranges
                0x00000000000004e0       0x90 ./Drivers/STM32F1xx_HAL_Driver/Src/stm32f1xx_hal_rcc.o
 .debug_aranges
                0x0000000000000570      0x3d0 ./Drivers/STM32F1xx_HAL_Driver/Src/stm32f1xx_hal_tim.o
 .debug_aranges
                0x0000000000000940      0x168 ./Drivers/STM32F1xx_HAL_Driver/Src/stm32f1xx_hal_tim_ex.o
 .debug_aranges
                0x0000000000000aa8      0x200 ./Drivers/STM32F1xx_HAL_Driver/Src/stm32f1xx_hal_uart.o

.debug_ranges   0x0000000000000000      0xbe0
 .debug_ranges  0x0000000000000000       0x40 ./Core/Src/input_processing.o
 .debug_ranges  0x0000000000000040       0x18 ./Core/Src/input_reading.o
 .debug_ranges  0x0000000000000058       0x48 ./Core/Src/main.o
 .debug_ranges  0x00000000000000a0       0x38 ./Core/Src/stm32f1xx_hal_msp.o
 .debug_ranges  0x00000000000000d8       0x68 ./Core/Src/stm32f1xx_it.o
 .debug_ranges  0x0000000000000140       0x18 ./Core/Src/system_stm32f1xx.o
 .debug_ranges  0x0000000000000158       0x38 ./Core/Src/timer.o
 .debug_ranges  0x0000000000000190       0x20 ./Core/Startup/startup_stm32f103rbtx.o
 .debug_ranges  0x00000000000001b0       0xd0 ./Drivers/STM32F1xx_HAL_Driver/Src/stm32f1xx_hal.o
 .debug_ranges  0x0000000000000280       0xf0 ./Drivers/STM32F1xx_HAL_Driver/Src/stm32f1xx_hal_cortex.o
 .debug_ranges  0x0000000000000370       0x70 ./Drivers/STM32F1xx_HAL_Driver/Src/stm32f1xx_hal_dma.o
 .debug_ranges  0x00000000000003e0       0x48 ./Drivers/STM32F1xx_HAL_Driver/Src/stm32f1xx_hal_gpio.o
 .debug_ranges  0x0000000000000428       0x80 ./Drivers/STM32F1xx_HAL_Driver/Src/stm32f1xx_hal_rcc.o
 .debug_ranges  0x00000000000004a8      0x3c0 ./Drivers/STM32F1xx_HAL_Driver/Src/stm32f1xx_hal_tim.o
 .debug_ranges  0x0000000000000868      0x158 ./Drivers/STM32F1xx_HAL_Driver/Src/stm32f1xx_hal_tim_ex.o
 .debug_ranges  0x00000000000009c0      0x220 ./Drivers/STM32F1xx_HAL_Driver/Src/stm32f1xx_hal_uart.o

.debug_macro    0x0000000000000000    0x180c0
 .debug_macro   0x0000000000000000      0x389 ./Core/Src/input_processing.o
 .debug_macro   0x0000000000000389      0xa9c ./Core/Src/input_processing.o
 .debug_macro   0x0000000000000e25      0x21b ./Core/Src/input_processing.o
 .debug_macro   0x0000000000001040       0x2e ./Core/Src/input_processing.o
 .debug_macro   0x000000000000106e       0x22 ./Core/Src/input_processing.o
 .debug_macro   0x0000000000001090       0x22 ./Core/Src/input_processing.o
 .debug_macro   0x00000000000010b2       0x8e ./Core/Src/input_processing.o
 .debug_macro   0x0000000000001140       0x51 ./Core/Src/input_processing.o
 .debug_macro   0x0000000000001191      0x103 ./Core/Src/input_processing.o
 .debug_macro   0x0000000000001294       0x6a ./Core/Src/input_processing.o
 .debug_macro   0x00000000000012fe      0x1df ./Core/Src/input_processing.o
 .debug_macro   0x00000000000014dd       0x1c ./Core/Src/input_processing.o
 .debug_macro   0x00000000000014f9       0x22 ./Core/Src/input_processing.o
 .debug_macro   0x000000000000151b       0xc3 ./Core/Src/input_processing.o
 .debug_macro   0x00000000000015de      0xd23 ./Core/Src/input_processing.o
 .debug_macro   0x0000000000002301     0xe09e ./Core/Src/input_processing.o
 .debug_macro   0x000000000001039f       0x6d ./Core/Src/input_processing.o
 .debug_macro   0x000000000001040c     0x3468 ./Core/Src/input_processing.o
 .debug_macro   0x0000000000013874      0x174 ./Core/Src/input_processing.o
 .debug_macro   0x00000000000139e8       0x5c ./Core/Src/input_processing.o
 .debug_macro   0x0000000000013a44      0x5be ./Core/Src/input_processing.o
 .debug_macro   0x0000000000014002      0x289 ./Core/Src/input_processing.o
 .debug_macro   0x000000000001428b      0x1cb ./Core/Src/input_processing.o
 .debug_macro   0x0000000000014456      0x114 ./Core/Src/input_processing.o
 .debug_macro   0x000000000001456a      0x1b2 ./Core/Src/input_processing.o
 .debug_macro   0x000000000001471c       0x27 ./Core/Src/input_processing.o
 .debug_macro   0x0000000000014743      0x136 ./Core/Src/input_processing.o
 .debug_macro   0x0000000000014879      0x1bc ./Core/Src/input_processing.o
 .debug_macro   0x0000000000014a35       0x34 ./Core/Src/input_processing.o
 .debug_macro   0x0000000000014a69       0x3c ./Core/Src/input_processing.o
 .debug_macro   0x0000000000014aa5       0x57 ./Core/Src/input_processing.o
 .debug_macro   0x0000000000014afc       0x88 ./Core/Src/input_processing.o
 .debug_macro   0x0000000000014b84      0x241 ./Core/Src/input_processing.o
 .debug_macro   0x0000000000014dc5      0x141 ./Core/Src/input_processing.o
 .debug_macro   0x0000000000014f06      0x8d1 ./Core/Src/input_processing.o
 .debug_macro   0x00000000000157d7      0x279 ./Core/Src/input_processing.o
 .debug_macro   0x0000000000015a50       0x83 ./Core/Src/input_processing.o
 .debug_macro   0x0000000000015ad3       0x88 ./Core/Src/input_processing.o
 .debug_macro   0x0000000000015b5b       0x52 ./Core/Src/input_processing.o
 .debug_macro   0x0000000000015bad       0x18 ./Core/Src/input_processing.o
 .debug_macro   0x0000000000015bc5       0x3c ./Core/Src/input_processing.o
 .debug_macro   0x0000000000015c01       0x34 ./Core/Src/input_processing.o
 .debug_macro   0x0000000000015c35       0x16 ./Core/Src/input_processing.o
 .debug_macro   0x0000000000015c4b       0x35 ./Core/Src/input_processing.o
 .debug_macro   0x0000000000015c80      0x333 ./Core/Src/input_processing.o
 .debug_macro   0x0000000000015fb3       0x10 ./Core/Src/input_processing.o
 .debug_macro   0x0000000000015fc3       0x16 ./Core/Src/input_processing.o
 .debug_macro   0x0000000000015fd9       0x43 ./Core/Src/input_processing.o
 .debug_macro   0x000000000001601c       0x34 ./Core/Src/input_processing.o
 .debug_macro   0x0000000000016050       0x10 ./Core/Src/input_processing.o
 .debug_macro   0x0000000000016060       0x58 ./Core/Src/input_processing.o
 .debug_macro   0x00000000000160b8       0x71 ./Core/Src/input_processing.o
 .debug_macro   0x0000000000016129       0x1c ./Core/Src/input_processing.o
 .debug_macro   0x0000000000016145      0x12a ./Core/Src/input_processing.o
 .debug_macro   0x000000000001626f       0x10 ./Core/Src/input_processing.o
 .debug_macro   0x000000000001627f       0x1c ./Core/Src/input_processing.o
 .debug_macro   0x000000000001629b       0x52 ./Core/Src/input_processing.o
 .debug_macro   0x00000000000162ed       0x22 ./Core/Src/input_processing.o
 .debug_macro   0x000000000001630f       0x10 ./Core/Src/input_processing.o
 .debug_macro   0x000000000001631f       0x40 ./Core/Src/input_processing.o
 .debug_macro   0x000000000001635f       0xd5 ./Core/Src/input_processing.o
 .debug_macro   0x0000000000016434       0x1c ./Core/Src/input_processing.o
 .debug_macro   0x0000000000016450       0x3d ./Core/Src/input_processing.o
 .debug_macro   0x000000000001648d       0x16 ./Core/Src/input_processing.o
 .debug_macro   0x00000000000164a3      0x145 ./Core/Src/input_processing.o
 .debug_macro   0x00000000000165e8      0x331 ./Core/Src/input_reading.o
 .debug_macro   0x0000000000016919      0x1b2 ./Core/Src/main.o
 .debug_macro   0x0000000000016acb      0x1b2 ./Core/Src/stm32f1xx_hal_msp.o
 .debug_macro   0x0000000000016c7d      0x1bc ./Core/Src/stm32f1xx_it.o
 .debug_macro   0x0000000000016e39      0x1a3 ./Core/Src/system_stm32f1xx.o
 .debug_macro   0x0000000000016fdc      0x329 ./Core/Src/timer.o
 .debug_macro   0x0000000000017305      0x1c7 ./Drivers/STM32F1xx_HAL_Driver/Src/stm32f1xx_hal.o
 .debug_macro   0x00000000000174cc      0x1a3 ./Drivers/STM32F1xx_HAL_Driver/Src/stm32f1xx_hal_cortex.o
 .debug_macro   0x000000000001766f      0x1a3 ./Drivers/STM32F1xx_HAL_Driver/Src/stm32f1xx_hal_dma.o
 .debug_macro   0x0000000000017812      0x20e ./Drivers/STM32F1xx_HAL_Driver/Src/stm32f1xx_hal_gpio.o
 .debug_macro   0x0000000000017a20      0x1b5 ./Drivers/STM32F1xx_HAL_Driver/Src/stm32f1xx_hal_rcc.o
 .debug_macro   0x0000000000017bd5      0x1a4 ./Drivers/STM32F1xx_HAL_Driver/Src/stm32f1xx_hal_tim.o
 .debug_macro   0x0000000000017d79      0x1a3 ./Drivers/STM32F1xx_HAL_Driver/Src/stm32f1xx_hal_tim_ex.o
 .debug_macro   0x0000000000017f1c      0x1a4 ./Drivers/STM32F1xx_HAL_Driver/Src/stm32f1xx_hal_uart.o

.debug_line     0x0000000000000000     0xdbd1
 .debug_line    0x0000000000000000      0xbc6 ./Core/Src/input_processing.o
 .debug_line    0x0000000000000bc6      0x904 ./Core/Src/input_reading.o
 .debug_line    0x00000000000014ca      0x866 ./Core/Src/main.o
 .debug_line    0x0000000000001d30      0x775 ./Core/Src/stm32f1xx_hal_msp.o
 .debug_line    0x00000000000024a5      0x79f ./Core/Src/stm32f1xx_it.o
 .debug_line    0x0000000000002c44      0x713 ./Core/Src/system_stm32f1xx.o
 .debug_line    0x0000000000003357      0x962 ./Core/Src/timer.o
 .debug_line    0x0000000000003cb9       0x87 ./Core/Startup/startup_stm32f103rbtx.o
 .debug_line    0x0000000000003d40      0x940 ./Drivers/STM32F1xx_HAL_Driver/Src/stm32f1xx_hal.o
 .debug_line    0x0000000000004680      0xb28 ./Drivers/STM32F1xx_HAL_Driver/Src/stm32f1xx_hal_cortex.o
 .debug_line    0x00000000000051a8      0xd98 ./Drivers/STM32F1xx_HAL_Driver/Src/stm32f1xx_hal_dma.o
 .debug_line    0x0000000000005f40      0x9d7 ./Drivers/STM32F1xx_HAL_Driver/Src/stm32f1xx_hal_gpio.o
 .debug_line    0x0000000000006917      0xd4e ./Drivers/STM32F1xx_HAL_Driver/Src/stm32f1xx_hal_rcc.o
 .debug_line    0x0000000000007665     0x32e9 ./Drivers/STM32F1xx_HAL_Driver/Src/stm32f1xx_hal_tim.o
 .debug_line    0x000000000000a94e     0x1868 ./Drivers/STM32F1xx_HAL_Driver/Src/stm32f1xx_hal_tim_ex.o
 .debug_line    0x000000000000c1b6     0x1a1b ./Drivers/STM32F1xx_HAL_Driver/Src/stm32f1xx_hal_uart.o

.debug_str      0x0000000000000000    0x8a9ff
 .debug_str     0x0000000000000000    0x87810 ./Core/Src/input_processing.o
                                      0x87c3a (size before relaxing)
 .debug_str     0x0000000000087810      0x115 ./Core/Src/input_reading.o
                                      0x87823 (size before relaxing)
 .debug_str     0x0000000000087925      0x5bf ./Core/Src/main.o
                                      0x84029 (size before relaxing)
 .debug_str     0x0000000000087ee4      0x331 ./Core/Src/stm32f1xx_hal_msp.o
                                      0x840b6 (size before relaxing)
 .debug_str     0x0000000000088215       0xef ./Core/Src/stm32f1xx_it.o
                                      0x83d87 (size before relaxing)
 .debug_str     0x0000000000088304       0x52 ./Core/Src/system_stm32f1xx.o
                                      0x83440 (size before relaxing)
 .debug_str     0x0000000000088356       0xaf ./Core/Src/timer.o
                                      0x87c5f (size before relaxing)
 .debug_str     0x0000000000088405       0x36 ./Core/Startup/startup_stm32f103rbtx.o
                                         0x5c (size before relaxing)
 .debug_str     0x000000000008843b      0x304 ./Drivers/STM32F1xx_HAL_Driver/Src/stm32f1xx_hal.o
                                      0x83ad1 (size before relaxing)
 .debug_str     0x000000000008873f      0x300 ./Drivers/STM32F1xx_HAL_Driver/Src/stm32f1xx_hal_cortex.o
                                      0x83ad9 (size before relaxing)
 .debug_str     0x0000000000088a3f      0x235 ./Drivers/STM32F1xx_HAL_Driver/Src/stm32f1xx_hal_dma.o
                                      0x8381b (size before relaxing)
 .debug_str     0x0000000000088c74      0x311 ./Drivers/STM32F1xx_HAL_Driver/Src/stm32f1xx_hal_gpio.o
                                      0x83804 (size before relaxing)
 .debug_str     0x0000000000088f85      0x24f ./Drivers/STM32F1xx_HAL_Driver/Src/stm32f1xx_hal_rcc.o
                                      0x8383d (size before relaxing)
 .debug_str     0x00000000000891d4      0xd68 ./Drivers/STM32F1xx_HAL_Driver/Src/stm32f1xx_hal_tim.o
                                      0x8480f (size before relaxing)
 .debug_str     0x0000000000089f3c      0x4ee ./Drivers/STM32F1xx_HAL_Driver/Src/stm32f1xx_hal_tim_ex.o
                                      0x83fc0 (size before relaxing)
 .debug_str     0x000000000008a42a      0x5d5 ./Drivers/STM32F1xx_HAL_Driver/Src/stm32f1xx_hal_uart.o
                                      0x83e2f (size before relaxing)

.comment        0x0000000000000000       0x53
 .comment       0x0000000000000000       0x53 ./Core/Src/input_processing.o
                                         0x54 (size before relaxing)
 .comment       0x0000000000000053       0x54 ./Core/Src/input_reading.o
 .comment       0x0000000000000053       0x54 ./Core/Src/main.o
 .comment       0x0000000000000053       0x54 ./Core/Src/stm32f1xx_hal_msp.o
 .comment       0x0000000000000053       0x54 ./Core/Src/stm32f1xx_it.o
 .comment       0x0000000000000053       0x54 ./Core/Src/system_stm32f1xx.o
 .comment       0x0000000000000053       0x54 ./Core/Src/timer.o
 .comment       0x0000000000000053       0x54 ./Drivers/STM32F1xx_HAL_Driver/Src/stm32f1xx_hal.o
 .comment       0x0000000000000053       0x54 ./Drivers/STM32F1xx_HAL_Driver/Src/stm32f1xx_hal_cortex.o
 .comment       0x0000000000000053       0x54 ./Drivers/STM32F1xx_HAL_Driver/Src/stm32f1xx_hal_dma.o
 .comment       0x0000000000000053       0x54 ./Drivers/STM32F1xx_HAL_Driver/Src/stm32f1xx_hal_gpio.o
 .comment       0x0000000000000053       0x54 ./Drivers/STM32F1xx_HAL_Driver/Src/stm32f1xx_hal_rcc.o
 .comment       0x0000000000000053       0x54 ./Drivers/STM32F1xx_HAL_Driver/Src/stm32f1xx_hal_tim.o
 .comment       0x0000000000000053       0x54 ./Drivers/STM32F1xx_HAL_Driver/Src/stm32f1xx_hal_tim_ex.o
 .comment       0x0000000000000053       0x54 ./Drivers/STM32F1xx_HAL_Driver/Src/stm32f1xx_hal_uart.o

.debug_frame    0x0000000000000000     0x3418
 .debug_frame   0x0000000000000000       0xf8 ./Core/Src/input_processing.o
 .debug_frame   0x00000000000000f8       0x60 ./Core/Src/input_reading.o
 .debug_frame   0x0000000000000158      0x114 ./Core/Src/main.o
 .debug_frame   0x000000000000026c       0xec ./Core/Src/stm32f1xx_hal_msp.o
 .debug_frame   0x0000000000000358      0x158 ./Core/Src/stm32f1xx_it.o
 .debug_frame   0x00000000000004b0       0x58 ./Core/Src/system_stm32f1xx.o
 .debug_frame   0x0000000000000508       0xf4 ./Core/Src/timer.o
 .debug_frame   0x00000000000005fc      0x334 ./Drivers/STM32F1xx_HAL_Driver/Src/stm32f1xx_hal.o
 .debug_frame   0x0000000000000930      0x428 ./Drivers/STM32F1xx_HAL_Driver/Src/stm32f1xx_hal_cortex.o
 .debug_frame   0x0000000000000d58      0x208 ./Drivers/STM32F1xx_HAL_Driver/Src/stm32f1xx_hal_dma.o
 .debug_frame   0x0000000000000f60      0x14c ./Drivers/STM32F1xx_HAL_Driver/Src/stm32f1xx_hal_gpio.o
 .debug_frame   0x00000000000010ac      0x21c ./Drivers/STM32F1xx_HAL_Driver/Src/stm32f1xx_hal_rcc.o
 .debug_frame   0x00000000000012c8     0x11b8 ./Drivers/STM32F1xx_HAL_Driver/Src/stm32f1xx_hal_tim.o
 .debug_frame   0x0000000000002480      0x638 ./Drivers/STM32F1xx_HAL_Driver/Src/stm32f1xx_hal_tim_ex.o
 .debug_frame   0x0000000000002ab8      0x914 ./Drivers/STM32F1xx_HAL_Driver/Src/stm32f1xx_hal_uart.o
 .debug_frame   0x00000000000033cc       0x2c g:/vi xu li/stm32cubeide_1.7.0/stm32cubeide/plugins/com.st.stm32cube.ide.mcu.externaltools.gnu-tools-for-stm32.9-2020-q2-update.win32_2.0.0.202105311346/tools/bin/../lib/gcc/arm-none-eabi/9.3.1/../../../../arm-none-eabi/lib/thumb/v7-m/nofp\libc_nano.a(lib_a-init.o)
 .debug_frame   0x00000000000033f8       0x20 g:/vi xu li/stm32cubeide_1.7.0/stm32cubeide/plugins/com.st.stm32cube.ide.mcu.externaltools.gnu-tools-for-stm32.9-2020-q2-update.win32_2.0.0.202105311346/tools/bin/../lib/gcc/arm-none-eabi/9.3.1/../../../../arm-none-eabi/lib/thumb/v7-m/nofp\libc_nano.a(lib_a-memset.o)
